Analysis & Synthesis report for Eleva_dor
Wed Dec 03 14:38:54 2025
Quartus Prime Version 20.1.0 Build 711 06/05/2020 SJ Lite Edition


---------------------
; Table of Contents ;
---------------------
  1. Legal Notice
  2. Analysis & Synthesis Summary
  3. Analysis & Synthesis Settings
  4. Parallel Compilation
  5. Analysis & Synthesis Source Files Read
  6. Analysis & Synthesis Resource Usage Summary
  7. Analysis & Synthesis Resource Utilization by Entity
  8. User-Specified and Inferred Latches
  9. General Register Statistics
 10. Parameter Settings for User Entity Instance: datapath:datapath_inst
 11. Parameter Settings for User Entity Instance: datapath:datapath_inst|Contador:cont2
 12. Port Connectivity Checks: "datapath:datapath_inst|reg_iaf:reg_de_iaf"
 13. Port Connectivity Checks: "datapath:datapath_inst"
 14. Port Connectivity Checks: "DivisorClock:clock_inst"
 15. Post-Synthesis Netlist Statistics for Top Partition
 16. Elapsed Time Per Partition
 17. Analysis & Synthesis Messages



----------------
; Legal Notice ;
----------------
Copyright (C) 2020  Intel Corporation. All rights reserved.
Your use of Intel Corporation's design tools, logic functions 
and other software and tools, and any partner logic 
functions, and any output files from any of the foregoing 
(including device programming or simulation files), and any 
associated documentation or information are expressly subject 
to the terms and conditions of the Intel Program License 
Subscription Agreement, the Intel Quartus Prime License Agreement,
the Intel FPGA IP License Agreement, or other applicable license
agreement, including, without limitation, that your use is for
the sole purpose of programming logic devices manufactured by
Intel and sold by Intel or its authorized distributors.  Please
refer to the applicable agreement for further details, at
https://fpgasoftware.intel.com/eula.



+----------------------------------------------------------------------------------+
; Analysis & Synthesis Summary                                                     ;
+------------------------------------+---------------------------------------------+
; Analysis & Synthesis Status        ; Successful - Wed Dec 03 14:38:54 2025       ;
; Quartus Prime Version              ; 20.1.0 Build 711 06/05/2020 SJ Lite Edition ;
; Revision Name                      ; Eleva_dor                                   ;
; Top-level Entity Name              ; Eleva_dor                                   ;
; Family                             ; MAX 10                                      ;
; Total logic elements               ; 90                                          ;
;     Total combinational functions  ; 90                                          ;
;     Dedicated logic registers      ; 49                                          ;
; Total registers                    ; 49                                          ;
; Total pins                         ; 23                                          ;
; Total virtual pins                 ; 0                                           ;
; Total memory bits                  ; 0                                           ;
; Embedded Multiplier 9-bit elements ; 0                                           ;
; Total PLLs                         ; 0                                           ;
; UFM blocks                         ; 0                                           ;
; ADC blocks                         ; 0                                           ;
+------------------------------------+---------------------------------------------+


+------------------------------------------------------------------------------------------------------------+
; Analysis & Synthesis Settings                                                                              ;
+------------------------------------------------------------------+--------------------+--------------------+
; Option                                                           ; Setting            ; Default Value      ;
+------------------------------------------------------------------+--------------------+--------------------+
; Device                                                           ; 10M50DAF484C7G     ;                    ;
; Top-level entity name                                            ; Eleva_dor          ; Eleva_dor          ;
; Family name                                                      ; MAX 10             ; Cyclone V          ;
; Use smart compilation                                            ; Off                ; Off                ;
; Enable parallel Assembler and Timing Analyzer during compilation ; On                 ; On                 ;
; Enable compact report table                                      ; Off                ; Off                ;
; Restructure Multiplexers                                         ; Auto               ; Auto               ;
; Create Debugging Nodes for IP Cores                              ; Off                ; Off                ;
; Preserve fewer node names                                        ; On                 ; On                 ;
; Intel FPGA IP Evaluation Mode                                    ; Enable             ; Enable             ;
; Verilog Version                                                  ; Verilog_2001       ; Verilog_2001       ;
; VHDL Version                                                     ; VHDL_1993          ; VHDL_1993          ;
; State Machine Processing                                         ; Auto               ; Auto               ;
; Safe State Machine                                               ; Off                ; Off                ;
; Extract Verilog State Machines                                   ; On                 ; On                 ;
; Extract VHDL State Machines                                      ; On                 ; On                 ;
; Ignore Verilog initial constructs                                ; Off                ; Off                ;
; Iteration limit for constant Verilog loops                       ; 5000               ; 5000               ;
; Iteration limit for non-constant Verilog loops                   ; 250                ; 250                ;
; Add Pass-Through Logic to Inferred RAMs                          ; On                 ; On                 ;
; Infer RAMs from Raw Logic                                        ; On                 ; On                 ;
; Parallel Synthesis                                               ; On                 ; On                 ;
; DSP Block Balancing                                              ; Auto               ; Auto               ;
; NOT Gate Push-Back                                               ; On                 ; On                 ;
; Power-Up Don't Care                                              ; On                 ; On                 ;
; Remove Redundant Logic Cells                                     ; Off                ; Off                ;
; Remove Duplicate Registers                                       ; On                 ; On                 ;
; Ignore CARRY Buffers                                             ; Off                ; Off                ;
; Ignore CASCADE Buffers                                           ; Off                ; Off                ;
; Ignore GLOBAL Buffers                                            ; Off                ; Off                ;
; Ignore ROW GLOBAL Buffers                                        ; Off                ; Off                ;
; Ignore LCELL Buffers                                             ; Off                ; Off                ;
; Ignore SOFT Buffers                                              ; On                 ; On                 ;
; Limit AHDL Integers to 32 Bits                                   ; Off                ; Off                ;
; Optimization Technique                                           ; Balanced           ; Balanced           ;
; Carry Chain Length                                               ; 70                 ; 70                 ;
; Auto Carry Chains                                                ; On                 ; On                 ;
; Auto Open-Drain Pins                                             ; On                 ; On                 ;
; Perform WYSIWYG Primitive Resynthesis                            ; Off                ; Off                ;
; Auto ROM Replacement                                             ; On                 ; On                 ;
; Auto RAM Replacement                                             ; On                 ; On                 ;
; Auto DSP Block Replacement                                       ; On                 ; On                 ;
; Auto Shift Register Replacement                                  ; Auto               ; Auto               ;
; Allow Shift Register Merging across Hierarchies                  ; Auto               ; Auto               ;
; Auto Clock Enable Replacement                                    ; On                 ; On                 ;
; Strict RAM Replacement                                           ; Off                ; Off                ;
; Allow Synchronous Control Signals                                ; On                 ; On                 ;
; Force Use of Synchronous Clear Signals                           ; Off                ; Off                ;
; Auto RAM Block Balancing                                         ; On                 ; On                 ;
; Auto RAM to Logic Cell Conversion                                ; Off                ; Off                ;
; Auto Resource Sharing                                            ; Off                ; Off                ;
; Allow Any RAM Size For Recognition                               ; Off                ; Off                ;
; Allow Any ROM Size For Recognition                               ; Off                ; Off                ;
; Allow Any Shift Register Size For Recognition                    ; Off                ; Off                ;
; Use LogicLock Constraints during Resource Balancing              ; On                 ; On                 ;
; Ignore translate_off and synthesis_off directives                ; Off                ; Off                ;
; Timing-Driven Synthesis                                          ; On                 ; On                 ;
; Report Parameter Settings                                        ; On                 ; On                 ;
; Report Source Assignments                                        ; On                 ; On                 ;
; Report Connectivity Checks                                       ; On                 ; On                 ;
; Ignore Maximum Fan-Out Assignments                               ; Off                ; Off                ;
; Synchronization Register Chain Length                            ; 2                  ; 2                  ;
; Power Optimization During Synthesis                              ; Normal compilation ; Normal compilation ;
; HDL message level                                                ; Level2             ; Level2             ;
; Suppress Register Optimization Related Messages                  ; Off                ; Off                ;
; Number of Removed Registers Reported in Synthesis Report         ; 5000               ; 5000               ;
; Number of Swept Nodes Reported in Synthesis Report               ; 5000               ; 5000               ;
; Number of Inverted Registers Reported in Synthesis Report        ; 100                ; 100                ;
; Clock MUX Protection                                             ; On                 ; On                 ;
; Auto Gated Clock Conversion                                      ; Off                ; Off                ;
; Block Design Naming                                              ; Auto               ; Auto               ;
; SDC constraint protection                                        ; Off                ; Off                ;
; Synthesis Effort                                                 ; Auto               ; Auto               ;
; Shift Register Replacement - Allow Asynchronous Clear Signal     ; On                 ; On                 ;
; Pre-Mapping Resynthesis Optimization                             ; Off                ; Off                ;
; Analysis & Synthesis Message Level                               ; Medium             ; Medium             ;
; Disable Register Merging Across Hierarchies                      ; Auto               ; Auto               ;
; Resource Aware Inference For Block RAM                           ; On                 ; On                 ;
+------------------------------------------------------------------+--------------------+--------------------+


+------------------------------------------+
; Parallel Compilation                     ;
+----------------------------+-------------+
; Processors                 ; Number      ;
+----------------------------+-------------+
; Number detected on machine ; 4           ;
; Maximum allowed            ; 2           ;
;                            ;             ;
; Average used               ; 1.00        ;
; Maximum used               ; 2           ;
;                            ;             ;
; Usage by Processor         ; % Time Used ;
;     Processor 1            ; 100.0%      ;
;     Processor 2            ;   0.0%      ;
+----------------------------+-------------+


+----------------------------------------------------------------------------------------------------------------------------------------------+
; Analysis & Synthesis Source Files Read                                                                                                       ;
+----------------------------------+-----------------+-----------------+-------------------------------------------------------------+---------+
; File Name with User-Entered Path ; Used in Netlist ; File Type       ; File Name with Absolute Path                                ; Library ;
+----------------------------------+-----------------+-----------------+-------------------------------------------------------------+---------+
; iaf.vhd                          ; yes             ; User VHDL File  ; C:/Users/Aluno/Downloads/FELIPES_ELEVADOR/iaf.vhd           ;         ;
; datapath.vhd                     ; yes             ; User VHDL File  ; C:/Users/Aluno/Downloads/FELIPES_ELEVADOR/datapath.vhd      ;         ;
; controladora.vhd                 ; yes             ; User VHDL File  ; C:/Users/Aluno/Downloads/FELIPES_ELEVADOR/controladora.vhd  ;         ;
; contador.vhd                     ; yes             ; User VHDL File  ; C:/Users/Aluno/Downloads/FELIPES_ELEVADOR/contador.vhd      ;         ;
; comparador.vhd                   ; yes             ; User VHDL File  ; C:/Users/Aluno/Downloads/FELIPES_ELEVADOR/comparador.vhd    ;         ;
; ia.vhd                           ; yes             ; User VHDL File  ; C:/Users/Aluno/Downloads/FELIPES_ELEVADOR/ia.vhd            ;         ;
; Divisor_clock.vhd                ; yes             ; User VHDL File  ; C:/Users/Aluno/Downloads/FELIPES_ELEVADOR/Divisor_clock.vhd ;         ;
; Eleva_dor.vhd                    ; yes             ; User VHDL File  ; C:/Users/Aluno/Downloads/FELIPES_ELEVADOR/Eleva_dor.vhd     ;         ;
+----------------------------------+-----------------+-----------------+-------------------------------------------------------------+---------+


+--------------------------------------------------------------+
; Analysis & Synthesis Resource Usage Summary                  ;
+---------------------------------------------+----------------+
; Resource                                    ; Usage          ;
+---------------------------------------------+----------------+
; Estimated Total logic elements              ; 90             ;
;                                             ;                ;
; Total combinational functions               ; 90             ;
; Logic element usage by number of LUT inputs ;                ;
;     -- 4 input functions                    ; 23             ;
;     -- 3 input functions                    ; 22             ;
;     -- <=2 input functions                  ; 45             ;
;                                             ;                ;
; Logic elements by mode                      ;                ;
;     -- normal mode                          ; 51             ;
;     -- arithmetic mode                      ; 39             ;
;                                             ;                ;
; Total registers                             ; 49             ;
;     -- Dedicated logic registers            ; 49             ;
;     -- I/O registers                        ; 0              ;
;                                             ;                ;
; I/O pins                                    ; 23             ;
;                                             ;                ;
; Embedded Multiplier 9-bit elements          ; 0              ;
;                                             ;                ;
; Maximum fan-out node                        ; CLOCK_50~input ;
; Maximum fan-out                             ; 27             ;
; Total fan-out                               ; 403            ;
; Average fan-out                             ; 2.18           ;
+---------------------------------------------+----------------+


+--------------------------------------------------------------------------------------------------------------------------------------------------------------------------------------------------------------------------------------------------------------------------------+
; Analysis & Synthesis Resource Utilization by Entity                                                                                                                                                                                                                            ;
+-------------------------------------+---------------------+---------------------------+-------------+------------+--------------+---------+-----------+------+--------------+------------+------------------------------------------------------+---------------+--------------+
; Compilation Hierarchy Node          ; Combinational ALUTs ; Dedicated Logic Registers ; Memory Bits ; UFM Blocks ; DSP Elements ; DSP 9x9 ; DSP 18x18 ; Pins ; Virtual Pins ; ADC blocks ; Full Hierarchy Name                                  ; Entity Name   ; Library Name ;
+-------------------------------------+---------------------+---------------------------+-------------+------------+--------------+---------+-----------+------+--------------+------------+------------------------------------------------------+---------------+--------------+
; |Eleva_dor                          ; 90 (0)              ; 49 (0)                    ; 0           ; 0          ; 0            ; 0       ; 0         ; 23   ; 0            ; 0          ; |Eleva_dor                                           ; Eleva_dor     ; work         ;
;    |DivisorClock:clock_inst|        ; 45 (45)             ; 27 (27)                   ; 0           ; 0          ; 0            ; 0       ; 0         ; 0    ; 0            ; 0          ; |Eleva_dor|DivisorClock:clock_inst                   ; DivisorClock  ; work         ;
;    |controladora:controladora_inst| ; 23 (23)             ; 3 (3)                     ; 0           ; 0          ; 0            ; 0       ; 0         ; 0    ; 0            ; 0          ; |Eleva_dor|controladora:controladora_inst            ; controladora  ; work         ;
;    |datapath:datapath_inst|         ; 22 (0)              ; 19 (0)                    ; 0           ; 0          ; 0            ; 0       ; 0         ; 0    ; 0            ; 0          ; |Eleva_dor|datapath:datapath_inst                    ; datapath      ; work         ;
;       |Comparador_16:comp|          ; 5 (5)               ; 1 (1)                     ; 0           ; 0          ; 0            ; 0       ; 0         ; 0    ; 0            ; 0          ; |Eleva_dor|datapath:datapath_inst|Comparador_16:comp ; Comparador_16 ; work         ;
;       |Contador:cont2|              ; 16 (16)             ; 16 (16)                   ; 0           ; 0          ; 0            ; 0       ; 0         ; 0    ; 0            ; 0          ; |Eleva_dor|datapath:datapath_inst|Contador:cont2     ; Contador      ; work         ;
;       |reg_ia:reg_de_ia|            ; 1 (1)               ; 1 (1)                     ; 0           ; 0          ; 0            ; 0       ; 0         ; 0    ; 0            ; 0          ; |Eleva_dor|datapath:datapath_inst|reg_ia:reg_de_ia   ; reg_ia        ; work         ;
;       |reg_iaf:reg_de_iaf|          ; 0 (0)               ; 1 (1)                     ; 0           ; 0          ; 0            ; 0       ; 0         ; 0    ; 0            ; 0          ; |Eleva_dor|datapath:datapath_inst|reg_iaf:reg_de_iaf ; reg_iaf       ; work         ;
+-------------------------------------+---------------------+---------------------------+-------------+------------+--------------+---------+-----------+------+--------------+------------+------------------------------------------------------+---------------+--------------+
Note: For table entries with two numbers listed, the numbers in parentheses indicate the number of resources of the given type used by the specific entity alone. The numbers listed outside of parentheses indicate the total resources of the given type used by the specific entity and all of its sub-entities in the hierarchy.


+--------------------------------------------------------------------------------------------------------------------+
; User-Specified and Inferred Latches                                                                                ;
+----------------------------------------------------+--------------------------------------+------------------------+
; Latch Name                                         ; Latch Enable Signal                  ; Free of Timing Hazards ;
+----------------------------------------------------+--------------------------------------+------------------------+
; controladora:controladora_inst|PA                  ; controladora:controladora_inst|ME    ; yes                    ;
; controladora:controladora_inst|ME                  ; controladora:controladora_inst|ME    ; yes                    ;
; controladora:controladora_inst|IAF                 ; controladora:controladora_inst|Mux10 ; yes                    ;
; controladora:controladora_inst|IA_load             ; controladora:controladora_inst|ME    ; yes                    ;
; controladora:controladora_inst|estado_futuro[0]    ; controladora:controladora_inst|Mux9  ; yes                    ;
; controladora:controladora_inst|estado_futuro[1]    ; controladora:controladora_inst|Mux9  ; yes                    ;
; controladora:controladora_inst|estado_futuro[2]    ; controladora:controladora_inst|Mux9  ; yes                    ;
; controladora:controladora_inst|cont_load           ; controladora:controladora_inst|ME    ; yes                    ;
; Number of user-specified and inferred latches = 8  ;                                      ;                        ;
+----------------------------------------------------+--------------------------------------+------------------------+
Note: All latches listed above may not be present at the end of synthesis due to various synthesis optimizations.


+------------------------------------------------------+
; General Register Statistics                          ;
+----------------------------------------------+-------+
; Statistic                                    ; Value ;
+----------------------------------------------+-------+
; Total registers                              ; 49    ;
; Number of registers using Synchronous Clear  ; 0     ;
; Number of registers using Synchronous Load   ; 0     ;
; Number of registers using Asynchronous Clear ; 16    ;
; Number of registers using Asynchronous Load  ; 0     ;
; Number of registers using Clock Enable       ; 15    ;
; Number of registers using Preset             ; 0     ;
+----------------------------------------------+-------+


+---------------------------------------------------------------------+
; Parameter Settings for User Entity Instance: datapath:datapath_inst ;
+----------------+-------+--------------------------------------------+
; Parameter Name ; Value ; Type                                       ;
+----------------+-------+--------------------------------------------+
; w              ; 16    ; Signed Integer                             ;
+----------------+-------+--------------------------------------------+
Note: In order to hide this table in the UI and the text report file, please set the "Show Parameter Settings in Synthesis Report" option in "Analysis and Synthesis Settings -> More Settings" to "Off".


+------------------------------------------------------------------------------------+
; Parameter Settings for User Entity Instance: datapath:datapath_inst|Contador:cont2 ;
+----------------+-------+-----------------------------------------------------------+
; Parameter Name ; Value ; Type                                                      ;
+----------------+-------+-----------------------------------------------------------+
; w              ; 16    ; Signed Integer                                            ;
+----------------+-------+-----------------------------------------------------------+
Note: In order to hide this table in the UI and the text report file, please set the "Show Parameter Settings in Synthesis Report" option in "Analysis and Synthesis Settings -> More Settings" to "Off".


+-----------------------------------------------------------------------+
; Port Connectivity Checks: "datapath:datapath_inst|reg_iaf:reg_de_iaf" ;
+------------------+-------+----------+---------------------------------+
; Port             ; Type  ; Severity ; Details                         ;
+------------------+-------+----------+---------------------------------+
; carregar_bit_iaf ; Input ; Info     ; Stuck at VCC                    ;
+------------------+-------+----------+---------------------------------+


+------------------------------------------------------------------------------------------------------------------------------------+
; Port Connectivity Checks: "datapath:datapath_inst"                                                                                 ;
+--------------------------+--------+----------+-------------------------------------------------------------------------------------+
; Port                     ; Type   ; Severity ; Details                                                                             ;
+--------------------------+--------+----------+-------------------------------------------------------------------------------------+
; ciclos_comparador[2..1]  ; Input  ; Info     ; Stuck at VCC                                                                        ;
; ciclos_comparador[15..8] ; Input  ; Info     ; Stuck at GND                                                                        ;
; ciclos_comparador[6..5]  ; Input  ; Info     ; Stuck at GND                                                                        ;
; ciclos_comparador[7]     ; Input  ; Info     ; Stuck at VCC                                                                        ;
; ciclos_comparador[4]     ; Input  ; Info     ; Stuck at VCC                                                                        ;
; ciclos_comparador[3]     ; Input  ; Info     ; Stuck at GND                                                                        ;
; ciclos_comparador[0]     ; Input  ; Info     ; Stuck at GND                                                                        ;
; iaf_carregado            ; Output ; Info     ; Connected to dangling logic. Logic that only feeds a dangling port will be removed. ;
+--------------------------+--------+----------+-------------------------------------------------------------------------------------+


+-----------------------------------------------------+
; Port Connectivity Checks: "DivisorClock:clock_inst" ;
+-------+-------+----------+--------------------------+
; Port  ; Type  ; Severity ; Details                  ;
+-------+-------+----------+--------------------------+
; reset ; Input ; Info     ; Stuck at GND             ;
+-------+-------+----------+--------------------------+


+-----------------------------------------------------+
; Post-Synthesis Netlist Statistics for Top Partition ;
+-----------------------+-----------------------------+
; Type                  ; Count                       ;
+-----------------------+-----------------------------+
; boundary_port         ; 23                          ;
; cycloneiii_ff         ; 49                          ;
;     CLR               ; 1                           ;
;     ENA CLR           ; 15                          ;
;     plain             ; 33                          ;
; cycloneiii_lcell_comb ; 91                          ;
;     arith             ; 39                          ;
;         2 data inputs ; 38                          ;
;         3 data inputs ; 1                           ;
;     normal            ; 52                          ;
;         0 data inputs ; 1                           ;
;         1 data inputs ; 2                           ;
;         2 data inputs ; 5                           ;
;         3 data inputs ; 21                          ;
;         4 data inputs ; 23                          ;
;                       ;                             ;
; Max LUT depth         ; 3.90                        ;
; Average LUT depth     ; 2.68                        ;
+-----------------------+-----------------------------+


+-------------------------------+
; Elapsed Time Per Partition    ;
+----------------+--------------+
; Partition Name ; Elapsed Time ;
+----------------+--------------+
; Top            ; 00:00:00     ;
+----------------+--------------+


+-------------------------------+
; Analysis & Synthesis Messages ;
+-------------------------------+
Info: *******************************************************************
Info: Running Quartus Prime Analysis & Synthesis
    Info: Version 20.1.0 Build 711 06/05/2020 SJ Lite Edition
    Info: Processing started: Wed Dec 03 14:38:42 2025
Info: Command: quartus_map --read_settings_files=on --write_settings_files=off Eleva_dor -c Eleva_dor
Warning (18236): Number of processors has not been specified which may cause overloading on shared machines.  Set the global assignment NUM_PARALLEL_PROCESSORS in your QSF to an appropriate value for best performance.
Info (20030): Parallel compilation is enabled and will use 2 of the 2 processors detected
Info (12021): Found 2 design units, including 1 entities, in source file iaf.vhd
    Info (12022): Found design unit 1: reg_iaf-arch_registrador_1 File: C:/Users/Aluno/Downloads/FELIPES_ELEVADOR/iaf.vhd Line: 14
    Info (12023): Found entity 1: reg_iaf File: C:/Users/Aluno/Downloads/FELIPES_ELEVADOR/iaf.vhd Line: 5
Info (12021): Found 2 design units, including 1 entities, in source file datapath.vhd
    Info (12022): Found design unit 1: datapath-arch_datapath File: C:/Users/Aluno/Downloads/FELIPES_ELEVADOR/datapath.vhd Line: 20
    Info (12023): Found entity 1: datapath File: C:/Users/Aluno/Downloads/FELIPES_ELEVADOR/datapath.vhd Line: 4
Info (12021): Found 2 design units, including 1 entities, in source file controladora.vhd
    Info (12022): Found design unit 1: controladora-arch_controladora File: C:/Users/Aluno/Downloads/FELIPES_ELEVADOR/controladora.vhd Line: 21
    Info (12023): Found entity 1: controladora File: C:/Users/Aluno/Downloads/FELIPES_ELEVADOR/controladora.vhd Line: 4
Info (12021): Found 2 design units, including 1 entities, in source file contador.vhd
    Info (12022): Found design unit 1: Contador-Main File: C:/Users/Aluno/Downloads/FELIPES_ELEVADOR/contador.vhd Line: 17
    Info (12023): Found entity 1: Contador File: C:/Users/Aluno/Downloads/FELIPES_ELEVADOR/contador.vhd Line: 5
Info (12021): Found 2 design units, including 1 entities, in source file comparador.vhd
    Info (12022): Found design unit 1: Comparador_16-arq_comparador File: C:/Users/Aluno/Downloads/FELIPES_ELEVADOR/comparador.vhd Line: 16
    Info (12023): Found entity 1: Comparador_16 File: C:/Users/Aluno/Downloads/FELIPES_ELEVADOR/comparador.vhd Line: 5
Info (12021): Found 2 design units, including 1 entities, in source file ia.vhd
    Info (12022): Found design unit 1: reg_ia-arch_registrador_2 File: C:/Users/Aluno/Downloads/FELIPES_ELEVADOR/ia.vhd Line: 14
    Info (12023): Found entity 1: reg_ia File: C:/Users/Aluno/Downloads/FELIPES_ELEVADOR/ia.vhd Line: 5
Info (12021): Found 2 design units, including 1 entities, in source file divisor_clock.vhd
    Info (12022): Found design unit 1: DivisorClock-rtl File: C:/Users/Aluno/Downloads/FELIPES_ELEVADOR/Divisor_clock.vhd Line: 15
    Info (12023): Found entity 1: DivisorClock File: C:/Users/Aluno/Downloads/FELIPES_ELEVADOR/Divisor_clock.vhd Line: 5
Info (12021): Found 2 design units, including 1 entities, in source file eleva_dor.vhd
    Info (12022): Found design unit 1: Eleva_dor-arch_sistema File: C:/Users/Aluno/Downloads/FELIPES_ELEVADOR/Eleva_dor.vhd Line: 14
    Info (12023): Found entity 1: Eleva_dor File: C:/Users/Aluno/Downloads/FELIPES_ELEVADOR/Eleva_dor.vhd Line: 5
Info (12127): Elaborating entity "Eleva_dor" for the top level hierarchy
Warning (10036): Verilog HDL or VHDL warning at Eleva_dor.vhd(16): object "IAF_carregado" assigned a value but never read File: C:/Users/Aluno/Downloads/FELIPES_ELEVADOR/Eleva_dor.vhd Line: 16
Warning (10873): Using initial value X (don't care) for net "LEDR[8..4]" at Eleva_dor.vhd(9) File: C:/Users/Aluno/Downloads/FELIPES_ELEVADOR/Eleva_dor.vhd Line: 9
Info (12128): Elaborating entity "DivisorClock" for hierarchy "DivisorClock:clock_inst" File: C:/Users/Aluno/Downloads/FELIPES_ELEVADOR/Eleva_dor.vhd Line: 65
Info (12128): Elaborating entity "datapath" for hierarchy "datapath:datapath_inst" File: C:/Users/Aluno/Downloads/FELIPES_ELEVADOR/Eleva_dor.vhd Line: 70
Info (12128): Elaborating entity "Contador" for hierarchy "datapath:datapath_inst|Contador:cont2" File: C:/Users/Aluno/Downloads/FELIPES_ELEVADOR/datapath.vhd Line: 67
Info (12128): Elaborating entity "Comparador_16" for hierarchy "datapath:datapath_inst|Comparador_16:comp" File: C:/Users/Aluno/Downloads/FELIPES_ELEVADOR/datapath.vhd Line: 69
Info (12128): Elaborating entity "reg_iaf" for hierarchy "datapath:datapath_inst|reg_iaf:reg_de_iaf" File: C:/Users/Aluno/Downloads/FELIPES_ELEVADOR/datapath.vhd Line: 71
Info (12128): Elaborating entity "reg_ia" for hierarchy "datapath:datapath_inst|reg_ia:reg_de_ia" File: C:/Users/Aluno/Downloads/FELIPES_ELEVADOR/datapath.vhd Line: 73
Info (12128): Elaborating entity "controladora" for hierarchy "controladora:controladora_inst" File: C:/Users/Aluno/Downloads/FELIPES_ELEVADOR/Eleva_dor.vhd Line: 82
Warning (10631): VHDL Process Statement warning at controladora.vhd(40): inferring latch(es) for signal or variable "IAF", which holds its previous value in one or more paths through the process File: C:/Users/Aluno/Downloads/FELIPES_ELEVADOR/controladora.vhd Line: 40
Warning (10631): VHDL Process Statement warning at controladora.vhd(40): inferring latch(es) for signal or variable "estado_futuro", which holds its previous value in one or more paths through the process File: C:/Users/Aluno/Downloads/FELIPES_ELEVADOR/controladora.vhd Line: 40
Warning (10631): VHDL Process Statement warning at controladora.vhd(40): inferring latch(es) for signal or variable "PA", which holds its previous value in one or more paths through the process File: C:/Users/Aluno/Downloads/FELIPES_ELEVADOR/controladora.vhd Line: 40
Warning (10631): VHDL Process Statement warning at controladora.vhd(40): inferring latch(es) for signal or variable "cont_load", which holds its previous value in one or more paths through the process File: C:/Users/Aluno/Downloads/FELIPES_ELEVADOR/controladora.vhd Line: 40
Warning (10631): VHDL Process Statement warning at controladora.vhd(40): inferring latch(es) for signal or variable "IA_load", which holds its previous value in one or more paths through the process File: C:/Users/Aluno/Downloads/FELIPES_ELEVADOR/controladora.vhd Line: 40
Warning (10631): VHDL Process Statement warning at controladora.vhd(40): inferring latch(es) for signal or variable "ME", which holds its previous value in one or more paths through the process File: C:/Users/Aluno/Downloads/FELIPES_ELEVADOR/controladora.vhd Line: 40
Info (10041): Inferred latch for "ME" at controladora.vhd(40) File: C:/Users/Aluno/Downloads/FELIPES_ELEVADOR/controladora.vhd Line: 40
Info (10041): Inferred latch for "IA_load" at controladora.vhd(40) File: C:/Users/Aluno/Downloads/FELIPES_ELEVADOR/controladora.vhd Line: 40
Info (10041): Inferred latch for "cont_load" at controladora.vhd(40) File: C:/Users/Aluno/Downloads/FELIPES_ELEVADOR/controladora.vhd Line: 40
Info (10041): Inferred latch for "PA" at controladora.vhd(40) File: C:/Users/Aluno/Downloads/FELIPES_ELEVADOR/controladora.vhd Line: 40
Info (10041): Inferred latch for "estado_futuro[0]" at controladora.vhd(40) File: C:/Users/Aluno/Downloads/FELIPES_ELEVADOR/controladora.vhd Line: 40
Info (10041): Inferred latch for "estado_futuro[1]" at controladora.vhd(40) File: C:/Users/Aluno/Downloads/FELIPES_ELEVADOR/controladora.vhd Line: 40
Info (10041): Inferred latch for "estado_futuro[2]" at controladora.vhd(40) File: C:/Users/Aluno/Downloads/FELIPES_ELEVADOR/controladora.vhd Line: 40
Info (10041): Inferred latch for "IAF" at controladora.vhd(40) File: C:/Users/Aluno/Downloads/FELIPES_ELEVADOR/controladora.vhd Line: 40
Info (13025): Duplicate LATCH primitives merged into single LATCH primitive
    Info (13026): Duplicate LATCH primitive "controladora:controladora_inst|cont_load" merged with LATCH primitive "controladora:controladora_inst|ME" File: C:/Users/Aluno/Downloads/FELIPES_ELEVADOR/controladora.vhd Line: 15
Warning (13012): Latch controladora:controladora_inst|PA has unsafe behavior File: C:/Users/Aluno/Downloads/FELIPES_ELEVADOR/controladora.vhd Line: 14
    Warning (13013): Ports D and ENA on the latch are fed by the same signal controladora:controladora_inst|estado_atual[1] File: C:/Users/Aluno/Downloads/FELIPES_ELEVADOR/controladora.vhd Line: 35
Warning (13012): Latch controladora:controladora_inst|ME has unsafe behavior File: C:/Users/Aluno/Downloads/FELIPES_ELEVADOR/controladora.vhd Line: 12
    Warning (13013): Ports D and ENA on the latch are fed by the same signal controladora:controladora_inst|estado_atual[2] File: C:/Users/Aluno/Downloads/FELIPES_ELEVADOR/controladora.vhd Line: 35
Warning (13012): Latch controladora:controladora_inst|IAF has unsafe behavior File: C:/Users/Aluno/Downloads/FELIPES_ELEVADOR/controladora.vhd Line: 17
    Warning (13013): Ports D and ENA on the latch are fed by the same signal SW[0] File: C:/Users/Aluno/Downloads/FELIPES_ELEVADOR/Eleva_dor.vhd Line: 7
    Warning (13013): Ports ENA and CLR on the latch are fed by the same signal controladora:controladora_inst|estado_atual[2] File: C:/Users/Aluno/Downloads/FELIPES_ELEVADOR/controladora.vhd Line: 35
Warning (13012): Latch controladora:controladora_inst|IA_load has unsafe behavior File: C:/Users/Aluno/Downloads/FELIPES_ELEVADOR/controladora.vhd Line: 16
    Warning (13013): Ports D and ENA on the latch are fed by the same signal controladora:controladora_inst|estado_atual[0] File: C:/Users/Aluno/Downloads/FELIPES_ELEVADOR/controladora.vhd Line: 35
Warning (13012): Latch controladora:controladora_inst|estado_futuro[0] has unsafe behavior File: C:/Users/Aluno/Downloads/FELIPES_ELEVADOR/controladora.vhd Line: 40
    Warning (13013): Ports D and ENA on the latch are fed by the same signal controladora:controladora_inst|estado_atual[0] File: C:/Users/Aluno/Downloads/FELIPES_ELEVADOR/controladora.vhd Line: 35
    Warning (13013): Ports ENA and CLR on the latch are fed by the same signal controladora:controladora_inst|estado_atual[0] File: C:/Users/Aluno/Downloads/FELIPES_ELEVADOR/controladora.vhd Line: 35
Warning (13012): Latch controladora:controladora_inst|estado_futuro[1] has unsafe behavior File: C:/Users/Aluno/Downloads/FELIPES_ELEVADOR/controladora.vhd Line: 40
    Warning (13013): Ports D and ENA on the latch are fed by the same signal controladora:controladora_inst|estado_atual[0] File: C:/Users/Aluno/Downloads/FELIPES_ELEVADOR/controladora.vhd Line: 35
    Warning (13013): Ports ENA and CLR on the latch are fed by the same signal controladora:controladora_inst|estado_atual[0] File: C:/Users/Aluno/Downloads/FELIPES_ELEVADOR/controladora.vhd Line: 35
Warning (13012): Latch controladora:controladora_inst|estado_futuro[2] has unsafe behavior File: C:/Users/Aluno/Downloads/FELIPES_ELEVADOR/controladora.vhd Line: 40
    Warning (13013): Ports D and ENA on the latch are fed by the same signal controladora:controladora_inst|estado_atual[0] File: C:/Users/Aluno/Downloads/FELIPES_ELEVADOR/controladora.vhd Line: 35
    Warning (13013): Ports ENA and PRE on the latch are fed by the same signal controladora:controladora_inst|estado_atual[0] File: C:/Users/Aluno/Downloads/FELIPES_ELEVADOR/controladora.vhd Line: 35
Warning (13024): Output pins are stuck at VCC or GND
    Warning (13410): Pin "LEDR[4]" is stuck at GND File: C:/Users/Aluno/Downloads/FELIPES_ELEVADOR/Eleva_dor.vhd Line: 9
    Warning (13410): Pin "LEDR[5]" is stuck at GND File: C:/Users/Aluno/Downloads/FELIPES_ELEVADOR/Eleva_dor.vhd Line: 9
    Warning (13410): Pin "LEDR[6]" is stuck at GND File: C:/Users/Aluno/Downloads/FELIPES_ELEVADOR/Eleva_dor.vhd Line: 9
    Warning (13410): Pin "LEDR[7]" is stuck at GND File: C:/Users/Aluno/Downloads/FELIPES_ELEVADOR/Eleva_dor.vhd Line: 9
    Warning (13410): Pin "LEDR[8]" is stuck at GND File: C:/Users/Aluno/Downloads/FELIPES_ELEVADOR/Eleva_dor.vhd Line: 9
Info (286030): Timing-Driven Synthesis is running
Info (16010): Generating hard_block partition "hard_block:auto_generated_inst"
    Info (16011): Adding 0 node(s), including 0 DDIO, 0 PLL, 0 transceiver and 0 LCELL
Warning (21074): Design contains 8 input pin(s) that do not drive logic
    Warning (15610): No output dependent on input pin "SW[4]" File: C:/Users/Aluno/Downloads/FELIPES_ELEVADOR/Eleva_dor.vhd Line: 7
    Warning (15610): No output dependent on input pin "SW[5]" File: C:/Users/Aluno/Downloads/FELIPES_ELEVADOR/Eleva_dor.vhd Line: 7
    Warning (15610): No output dependent on input pin "SW[6]" File: C:/Users/Aluno/Downloads/FELIPES_ELEVADOR/Eleva_dor.vhd Line: 7
    Warning (15610): No output dependent on input pin "SW[7]" File: C:/Users/Aluno/Downloads/FELIPES_ELEVADOR/Eleva_dor.vhd Line: 7
    Warning (15610): No output dependent on input pin "SW[8]" File: C:/Users/Aluno/Downloads/FELIPES_ELEVADOR/Eleva_dor.vhd Line: 7
    Warning (15610): No output dependent on input pin "SW[9]" File: C:/Users/Aluno/Downloads/FELIPES_ELEVADOR/Eleva_dor.vhd Line: 7
    Warning (15610): No output dependent on input pin "KEY[0]" File: C:/Users/Aluno/Downloads/FELIPES_ELEVADOR/Eleva_dor.vhd Line: 8
    Warning (15610): No output dependent on input pin "KEY[1]" File: C:/Users/Aluno/Downloads/FELIPES_ELEVADOR/Eleva_dor.vhd Line: 8
Info (21057): Implemented 117 device resources after synthesis - the final resource count might be different
    Info (21058): Implemented 13 input pins
    Info (21059): Implemented 10 output pins
    Info (21061): Implemented 94 logic cells
Info: Quartus Prime Analysis & Synthesis was successful. 0 errors, 42 warnings
    Info: Peak virtual memory: 648 megabytes
    Info: Processing ended: Wed Dec 03 14:38:54 2025
    Info: Elapsed time: 00:00:12
    Info: Total CPU time (on all processors): 00:00:26


